64,49,124,83,80,82,75,35,130,51,37,36,25,29,147,9,42,8,96,44,72,24,99,108,144,65,109,102,4,66,129,48,59,11,47,113,45,30,31,97,81,67,40,94,20,90,120,105,95,104,88,127,140,46,106,112,50,39,43,10,117,52,5,1,74,86,142,27,110,122,114,15,53,91,118,134,132,71,125,0,16,22,101,3,34,61,149,100,33,136,18,14,58,32,23,73,119,13,148,121,6,92,103,78,93,17,79,133,63,68,57,137,26,111,2,7,12,19,21,28,38,41,54,55,56,60,62,69,70,76,77,84,85,87,89,98,107,115,116,123,126,128,131,135,138,139,141,143,145,146
